Archive member included to satisfy reference by file (symbol)

c:/program files (x86)/atmel/studio/7.0/toolchain/avr8/avr8-gnu-toolchain/bin/../lib/gcc/avr/5.4.0/avr5\libgcc.a(_exit.o)
                              C:/Program Files (x86)/Atmel/Studio/7.0/Packs/atmel/ATmega_DFP/1.7.374/gcc/dev/atmega32/avr5/crtatmega32.o (exit)
c:/program files (x86)/atmel/studio/7.0/toolchain/avr8/avr8-gnu-toolchain/bin/../lib/gcc/avr/5.4.0/avr5\libgcc.a(_tablejump2.o)
                              APP/main.o (__tablejump2__)
c:/program files (x86)/atmel/studio/7.0/toolchain/avr8/avr8-gnu-toolchain/bin/../lib/gcc/avr/5.4.0/avr5\libgcc.a(_copy_data.o)
                              APP/main.o (__do_copy_data)
c:/program files (x86)/atmel/studio/7.0/toolchain/avr8/avr8-gnu-toolchain/bin/../lib/gcc/avr/5.4.0/avr5\libgcc.a(_clear_bss.o)
                              APP/main.o (__do_clear_bss)
c:/program files (x86)/atmel/studio/7.0/toolchain/avr8/avr8-gnu-toolchain/bin/../lib/gcc/avr/5.4.0/../../../../avr/lib/avr5\libc.a(ltoa.o)
                              HCAL/LCD/LCD_Interface.o (ltoa)
c:/program files (x86)/atmel/studio/7.0/toolchain/avr8/avr8-gnu-toolchain/bin/../lib/gcc/avr/5.4.0/../../../../avr/lib/avr5\libc.a(ltoa_ncheck.o)
                              c:/program files (x86)/atmel/studio/7.0/toolchain/avr8/avr8-gnu-toolchain/bin/../lib/gcc/avr/5.4.0/../../../../avr/lib/avr5\libc.a(ltoa.o) (__ltoa_ncheck)
c:/program files (x86)/atmel/studio/7.0/toolchain/avr8/avr8-gnu-toolchain/bin/../lib/gcc/avr/5.4.0/../../../../avr/lib/avr5\libc.a(ultoa_ncheck.o)
                              c:/program files (x86)/atmel/studio/7.0/toolchain/avr8/avr8-gnu-toolchain/bin/../lib/gcc/avr/5.4.0/../../../../avr/lib/avr5\libc.a(ltoa_ncheck.o) (__ultoa_common)
c:/program files (x86)/atmel/studio/7.0/toolchain/avr8/avr8-gnu-toolchain/bin/../lib/gcc/avr/5.4.0/../../../../avr/lib/avr5\libc.a(strrev.o)
                              c:/program files (x86)/atmel/studio/7.0/toolchain/avr8/avr8-gnu-toolchain/bin/../lib/gcc/avr/5.4.0/../../../../avr/lib/avr5\libc.a(ultoa_ncheck.o) (strrev)
C:/Program Files (x86)/Atmel/Studio/7.0/Packs/atmel/ATmega_DFP/1.7.374/gcc/dev/atmega32/avr5\libatmega32.a(eerd_block.o)
                              APP/main.o (eeprom_read_block)
C:/Program Files (x86)/Atmel/Studio/7.0/Packs/atmel/ATmega_DFP/1.7.374/gcc/dev/atmega32/avr5\libatmega32.a(eerd_byte.o)
                              APP/main.o (eeprom_read_byte)
C:/Program Files (x86)/Atmel/Studio/7.0/Packs/atmel/ATmega_DFP/1.7.374/gcc/dev/atmega32/avr5\libatmega32.a(eerd_word.o)
                              APP/main.o (eeprom_read_word)
C:/Program Files (x86)/Atmel/Studio/7.0/Packs/atmel/ATmega_DFP/1.7.374/gcc/dev/atmega32/avr5\libatmega32.a(eewr_block.o)
                              APP/main.o (eeprom_write_block)
C:/Program Files (x86)/Atmel/Studio/7.0/Packs/atmel/ATmega_DFP/1.7.374/gcc/dev/atmega32/avr5\libatmega32.a(eewr_byte.o)
                              APP/main.o (eeprom_write_byte)

Allocating common symbols
Common symbol       size              file

data                0x1               APP/main.o

Discarded input sections

 .data          0x00000000        0x0 C:/Program Files (x86)/Atmel/Studio/7.0/Packs/atmel/ATmega_DFP/1.7.374/gcc/dev/atmega32/avr5/crtatmega32.o
 .bss           0x00000000        0x0 C:/Program Files (x86)/Atmel/Studio/7.0/Packs/atmel/ATmega_DFP/1.7.374/gcc/dev/atmega32/avr5/crtatmega32.o
 .text          0x00000000        0x0 APP/main.o
 .data          0x00000000        0x0 APP/main.o
 .bss           0x00000000        0x0 APP/main.o
 .text.password_check
                0x00000000       0x1c APP/main.o
 COMMON         0x00000000        0x1 APP/main.o
 .text          0x00000000        0x0 HCAL/KEYPAD/KEYPAD_Interface.o
 .data          0x00000000        0x0 HCAL/KEYPAD/KEYPAD_Interface.o
 .bss           0x00000000        0x0 HCAL/KEYPAD/KEYPAD_Interface.o
 .text          0x00000000        0x0 HCAL/LCD/LCD_Interface.o
 .data          0x00000000        0x0 HCAL/LCD/LCD_Interface.o
 .bss           0x00000000        0x0 HCAL/LCD/LCD_Interface.o
 .text.LCD_Custom_Char
                0x00000000       0x38 HCAL/LCD/LCD_Interface.o
 .text          0x00000000        0x0 HCAL/LED 0/LED0_Interface.o
 .data          0x00000000        0x0 HCAL/LED 0/LED0_Interface.o
 .bss           0x00000000        0x0 HCAL/LED 0/LED0_Interface.o
 .text.LED0_Initialize
                0x00000000        0xc HCAL/LED 0/LED0_Interface.o
 .text.LED0_ON  0x00000000        0xc HCAL/LED 0/LED0_Interface.o
 .text.LED0_OFF
                0x00000000        0xc HCAL/LED 0/LED0_Interface.o
 .text.LED0_TGL
                0x00000000        0xa HCAL/LED 0/LED0_Interface.o
 .debug_info    0x00000000      0x204 HCAL/LED 0/LED0_Interface.o
 .debug_abbrev  0x00000000       0x87 HCAL/LED 0/LED0_Interface.o
 .debug_aranges
                0x00000000       0x38 HCAL/LED 0/LED0_Interface.o
 .debug_ranges  0x00000000       0x28 HCAL/LED 0/LED0_Interface.o
 .debug_line    0x00000000       0xc8 HCAL/LED 0/LED0_Interface.o
 .debug_str     0x00000000      0x29d HCAL/LED 0/LED0_Interface.o
 .comment       0x00000000       0x31 HCAL/LED 0/LED0_Interface.o
 .debug_frame   0x00000000       0x54 HCAL/LED 0/LED0_Interface.o
 .text          0x00000000        0x0 MCAL/ADC/ADC_Interface.o
 .data          0x00000000        0x0 MCAL/ADC/ADC_Interface.o
 .bss           0x00000000        0x0 MCAL/ADC/ADC_Interface.o
 .text.ADC_Initialization
                0x00000000      0x102 MCAL/ADC/ADC_Interface.o
 .progmem.gcc_sw_table.ADC_Initialization
                0x00000000       0x10 MCAL/ADC/ADC_Interface.o
 .text.ADC_Read
                0x00000000      0x122 MCAL/ADC/ADC_Interface.o
 .progmem.gcc_sw_table.ADC_Read
                0x00000000       0x10 MCAL/ADC/ADC_Interface.o
 .debug_info    0x00000000      0x1be MCAL/ADC/ADC_Interface.o
 .debug_abbrev  0x00000000       0xb2 MCAL/ADC/ADC_Interface.o
 .debug_loc     0x00000000      0x147 MCAL/ADC/ADC_Interface.o
 .debug_aranges
                0x00000000       0x28 MCAL/ADC/ADC_Interface.o
 .debug_ranges  0x00000000       0x18 MCAL/ADC/ADC_Interface.o
 .debug_line    0x00000000      0x1ea MCAL/ADC/ADC_Interface.o
 .debug_str     0x00000000      0x2b2 MCAL/ADC/ADC_Interface.o
 .comment       0x00000000       0x31 MCAL/ADC/ADC_Interface.o
 .debug_frame   0x00000000       0x34 MCAL/ADC/ADC_Interface.o
 .text          0x00000000        0x0 MCAL/DIO/DIO_Interface.o
 .data          0x00000000        0x0 MCAL/DIO/DIO_Interface.o
 .bss           0x00000000        0x0 MCAL/DIO/DIO_Interface.o
 .text.DIO_TglPin_Value
                0x00000000       0x68 MCAL/DIO/DIO_Interface.o
 .text.DIO_SetPort_Direction
                0x00000000       0x20 MCAL/DIO/DIO_Interface.o
 .text.DIO_SetPort_Value
                0x00000000       0x52 MCAL/DIO/DIO_Interface.o
 .text          0x00000000        0x0 MCAL/SPI/SPI_Interface.o
 .data          0x00000000        0x0 MCAL/SPI/SPI_Interface.o
 .bss           0x00000000        0x0 MCAL/SPI/SPI_Interface.o
 .text.SPI_SLave_Initialize
                0x00000000       0x1e MCAL/SPI/SPI_Interface.o
 .text.SPI_Transmit
                0x00000000        0x8 MCAL/SPI/SPI_Interface.o
 .text.SPI_Receive
                0x00000000        0x8 MCAL/SPI/SPI_Interface.o
 .text.SPI_SlaveSelect
                0x00000000       0x5e MCAL/SPI/SPI_Interface.o
 .text          0x00000000        0x0 MCAL/UART/UART_Interface.o
 .data          0x00000000        0x0 MCAL/UART/UART_Interface.o
 .bss           0x00000000        0x0 MCAL/UART/UART_Interface.o
 .text          0x00000000        0x0 c:/program files (x86)/atmel/studio/7.0/toolchain/avr8/avr8-gnu-toolchain/bin/../lib/gcc/avr/5.4.0/avr5\libgcc.a(_exit.o)
 .data          0x00000000        0x0 c:/program files (x86)/atmel/studio/7.0/toolchain/avr8/avr8-gnu-toolchain/bin/../lib/gcc/avr/5.4.0/avr5\libgcc.a(_exit.o)
 .bss           0x00000000        0x0 c:/program files (x86)/atmel/studio/7.0/toolchain/avr8/avr8-gnu-toolchain/bin/../lib/gcc/avr/5.4.0/avr5\libgcc.a(_exit.o)
 .text.libgcc.mul
                0x00000000        0x0 c:/program files (x86)/atmel/studio/7.0/toolchain/avr8/avr8-gnu-toolchain/bin/../lib/gcc/avr/5.4.0/avr5\libgcc.a(_exit.o)
 .text.libgcc.div
                0x00000000        0x0 c:/program files (x86)/atmel/studio/7.0/toolchain/avr8/avr8-gnu-toolchain/bin/../lib/gcc/avr/5.4.0/avr5\libgcc.a(_exit.o)
 .text.libgcc   0x00000000        0x0 c:/program files (x86)/atmel/studio/7.0/toolchain/avr8/avr8-gnu-toolchain/bin/../lib/gcc/avr/5.4.0/avr5\libgcc.a(_exit.o)
 .text.libgcc.prologue
                0x00000000        0x0 c:/program files (x86)/atmel/studio/7.0/toolchain/avr8/avr8-gnu-toolchain/bin/../lib/gcc/avr/5.4.0/avr5\libgcc.a(_exit.o)
 .text.libgcc.builtins
                0x00000000        0x0 c:/program files (x86)/atmel/studio/7.0/toolchain/avr8/avr8-gnu-toolchain/bin/../lib/gcc/avr/5.4.0/avr5\libgcc.a(_exit.o)
 .text.libgcc.fmul
                0x00000000        0x0 c:/program files (x86)/atmel/studio/7.0/toolchain/avr8/avr8-gnu-toolchain/bin/../lib/gcc/avr/5.4.0/avr5\libgcc.a(_exit.o)
 .text.libgcc.fixed
                0x00000000        0x0 c:/program files (x86)/atmel/studio/7.0/toolchain/avr8/avr8-gnu-toolchain/bin/../lib/gcc/avr/5.4.0/avr5\libgcc.a(_exit.o)
 .text          0x00000000        0x0 c:/program files (x86)/atmel/studio/7.0/toolchain/avr8/avr8-gnu-toolchain/bin/../lib/gcc/avr/5.4.0/avr5\libgcc.a(_tablejump2.o)
 .data          0x00000000        0x0 c:/program files (x86)/atmel/studio/7.0/toolchain/avr8/avr8-gnu-toolchain/bin/../lib/gcc/avr/5.4.0/avr5\libgcc.a(_tablejump2.o)
 .bss           0x00000000        0x0 c:/program files (x86)/atmel/studio/7.0/toolchain/avr8/avr8-gnu-toolchain/bin/../lib/gcc/avr/5.4.0/avr5\libgcc.a(_tablejump2.o)
 .text.libgcc.mul
                0x00000000        0x0 c:/program files (x86)/atmel/studio/7.0/toolchain/avr8/avr8-gnu-toolchain/bin/../lib/gcc/avr/5.4.0/avr5\libgcc.a(_tablejump2.o)
 .text.libgcc.div
                0x00000000        0x0 c:/program files (x86)/atmel/studio/7.0/toolchain/avr8/avr8-gnu-toolchain/bin/../lib/gcc/avr/5.4.0/avr5\libgcc.a(_tablejump2.o)
 .text.libgcc.prologue
                0x00000000        0x0 c:/program files (x86)/atmel/studio/7.0/toolchain/avr8/avr8-gnu-toolchain/bin/../lib/gcc/avr/5.4.0/avr5\libgcc.a(_tablejump2.o)
 .text.libgcc.builtins
                0x00000000        0x0 c:/program files (x86)/atmel/studio/7.0/toolchain/avr8/avr8-gnu-toolchain/bin/../lib/gcc/avr/5.4.0/avr5\libgcc.a(_tablejump2.o)
 .text.libgcc.fmul
                0x00000000        0x0 c:/program files (x86)/atmel/studio/7.0/toolchain/avr8/avr8-gnu-toolchain/bin/../lib/gcc/avr/5.4.0/avr5\libgcc.a(_tablejump2.o)
 .text.libgcc.fixed
                0x00000000        0x0 c:/program files (x86)/atmel/studio/7.0/toolchain/avr8/avr8-gnu-toolchain/bin/../lib/gcc/avr/5.4.0/avr5\libgcc.a(_tablejump2.o)
 .text          0x00000000        0x0 c:/program files (x86)/atmel/studio/7.0/toolchain/avr8/avr8-gnu-toolchain/bin/../lib/gcc/avr/5.4.0/avr5\libgcc.a(_copy_data.o)
 .data          0x00000000        0x0 c:/program files (x86)/atmel/studio/7.0/toolchain/avr8/avr8-gnu-toolchain/bin/../lib/gcc/avr/5.4.0/avr5\libgcc.a(_copy_data.o)
 .bss           0x00000000        0x0 c:/program files (x86)/atmel/studio/7.0/toolchain/avr8/avr8-gnu-toolchain/bin/../lib/gcc/avr/5.4.0/avr5\libgcc.a(_copy_data.o)
 .text.libgcc.mul
                0x00000000        0x0 c:/program files (x86)/atmel/studio/7.0/toolchain/avr8/avr8-gnu-toolchain/bin/../lib/gcc/avr/5.4.0/avr5\libgcc.a(_copy_data.o)
 .text.libgcc.div
                0x00000000        0x0 c:/program files (x86)/atmel/studio/7.0/toolchain/avr8/avr8-gnu-toolchain/bin/../lib/gcc/avr/5.4.0/avr5\libgcc.a(_copy_data.o)
 .text.libgcc   0x00000000        0x0 c:/program files (x86)/atmel/studio/7.0/toolchain/avr8/avr8-gnu-toolchain/bin/../lib/gcc/avr/5.4.0/avr5\libgcc.a(_copy_data.o)
 .text.libgcc.prologue
                0x00000000        0x0 c:/program files (x86)/atmel/studio/7.0/toolchain/avr8/avr8-gnu-toolchain/bin/../lib/gcc/avr/5.4.0/avr5\libgcc.a(_copy_data.o)
 .text.libgcc.builtins
                0x00000000        0x0 c:/program files (x86)/atmel/studio/7.0/toolchain/avr8/avr8-gnu-toolchain/bin/../lib/gcc/avr/5.4.0/avr5\libgcc.a(_copy_data.o)
 .text.libgcc.fmul
                0x00000000        0x0 c:/program files (x86)/atmel/studio/7.0/toolchain/avr8/avr8-gnu-toolchain/bin/../lib/gcc/avr/5.4.0/avr5\libgcc.a(_copy_data.o)
 .text.libgcc.fixed
                0x00000000        0x0 c:/program files (x86)/atmel/studio/7.0/toolchain/avr8/avr8-gnu-toolchain/bin/../lib/gcc/avr/5.4.0/avr5\libgcc.a(_copy_data.o)
 .text          0x00000000        0x0 c:/program files (x86)/atmel/studio/7.0/toolchain/avr8/avr8-gnu-toolchain/bin/../lib/gcc/avr/5.4.0/avr5\libgcc.a(_clear_bss.o)
 .data          0x00000000        0x0 c:/program files (x86)/atmel/studio/7.0/toolchain/avr8/avr8-gnu-toolchain/bin/../lib/gcc/avr/5.4.0/avr5\libgcc.a(_clear_bss.o)
 .bss           0x00000000        0x0 c:/program files (x86)/atmel/studio/7.0/toolchain/avr8/avr8-gnu-toolchain/bin/../lib/gcc/avr/5.4.0/avr5\libgcc.a(_clear_bss.o)
 .text.libgcc.mul
                0x00000000        0x0 c:/program files (x86)/atmel/studio/7.0/toolchain/avr8/avr8-gnu-toolchain/bin/../lib/gcc/avr/5.4.0/avr5\libgcc.a(_clear_bss.o)
 .text.libgcc.div
                0x00000000        0x0 c:/program files (x86)/atmel/studio/7.0/toolchain/avr8/avr8-gnu-toolchain/bin/../lib/gcc/avr/5.4.0/avr5\libgcc.a(_clear_bss.o)
 .text.libgcc   0x00000000        0x0 c:/program files (x86)/atmel/studio/7.0/toolchain/avr8/avr8-gnu-toolchain/bin/../lib/gcc/avr/5.4.0/avr5\libgcc.a(_clear_bss.o)
 .text.libgcc.prologue
                0x00000000        0x0 c:/program files (x86)/atmel/studio/7.0/toolchain/avr8/avr8-gnu-toolchain/bin/../lib/gcc/avr/5.4.0/avr5\libgcc.a(_clear_bss.o)
 .text.libgcc.builtins
                0x00000000        0x0 c:/program files (x86)/atmel/studio/7.0/toolchain/avr8/avr8-gnu-toolchain/bin/../lib/gcc/avr/5.4.0/avr5\libgcc.a(_clear_bss.o)
 .text.libgcc.fmul
                0x00000000        0x0 c:/program files (x86)/atmel/studio/7.0/toolchain/avr8/avr8-gnu-toolchain/bin/../lib/gcc/avr/5.4.0/avr5\libgcc.a(_clear_bss.o)
 .text.libgcc.fixed
                0x00000000        0x0 c:/program files (x86)/atmel/studio/7.0/toolchain/avr8/avr8-gnu-toolchain/bin/../lib/gcc/avr/5.4.0/avr5\libgcc.a(_clear_bss.o)
 .text          0x00000000        0x0 c:/program files (x86)/atmel/studio/7.0/toolchain/avr8/avr8-gnu-toolchain/bin/../lib/gcc/avr/5.4.0/../../../../avr/lib/avr5\libc.a(ltoa.o)
 .data          0x00000000        0x0 c:/program files (x86)/atmel/studio/7.0/toolchain/avr8/avr8-gnu-toolchain/bin/../lib/gcc/avr/5.4.0/../../../../avr/lib/avr5\libc.a(ltoa.o)
 .bss           0x00000000        0x0 c:/program files (x86)/atmel/studio/7.0/toolchain/avr8/avr8-gnu-toolchain/bin/../lib/gcc/avr/5.4.0/../../../../avr/lib/avr5\libc.a(ltoa.o)
 .text          0x00000000        0x0 c:/program files (x86)/atmel/studio/7.0/toolchain/avr8/avr8-gnu-toolchain/bin/../lib/gcc/avr/5.4.0/../../../../avr/lib/avr5\libc.a(ltoa_ncheck.o)
 .data          0x00000000        0x0 c:/program files (x86)/atmel/studio/7.0/toolchain/avr8/avr8-gnu-toolchain/bin/../lib/gcc/avr/5.4.0/../../../../avr/lib/avr5\libc.a(ltoa_ncheck.o)
 .bss           0x00000000        0x0 c:/program files (x86)/atmel/studio/7.0/toolchain/avr8/avr8-gnu-toolchain/bin/../lib/gcc/avr/5.4.0/../../../../avr/lib/avr5\libc.a(ltoa_ncheck.o)
 .text          0x00000000        0x0 c:/program files (x86)/atmel/studio/7.0/toolchain/avr8/avr8-gnu-toolchain/bin/../lib/gcc/avr/5.4.0/../../../../avr/lib/avr5\libc.a(ultoa_ncheck.o)
 .data          0x00000000        0x0 c:/program files (x86)/atmel/studio/7.0/toolchain/avr8/avr8-gnu-toolchain/bin/../lib/gcc/avr/5.4.0/../../../../avr/lib/avr5\libc.a(ultoa_ncheck.o)
 .bss           0x00000000        0x0 c:/program files (x86)/atmel/studio/7.0/toolchain/avr8/avr8-gnu-toolchain/bin/../lib/gcc/avr/5.4.0/../../../../avr/lib/avr5\libc.a(ultoa_ncheck.o)
 .text          0x00000000        0x0 c:/program files (x86)/atmel/studio/7.0/toolchain/avr8/avr8-gnu-toolchain/bin/../lib/gcc/avr/5.4.0/../../../../avr/lib/avr5\libc.a(strrev.o)
 .data          0x00000000        0x0 c:/program files (x86)/atmel/studio/7.0/toolchain/avr8/avr8-gnu-toolchain/bin/../lib/gcc/avr/5.4.0/../../../../avr/lib/avr5\libc.a(strrev.o)
 .bss           0x00000000        0x0 c:/program files (x86)/atmel/studio/7.0/toolchain/avr8/avr8-gnu-toolchain/bin/../lib/gcc/avr/5.4.0/../../../../avr/lib/avr5\libc.a(strrev.o)
 .text          0x00000000        0x0 C:/Program Files (x86)/Atmel/Studio/7.0/Packs/atmel/ATmega_DFP/1.7.374/gcc/dev/atmega32/avr5\libatmega32.a(eerd_block.o)
 .data          0x00000000        0x0 C:/Program Files (x86)/Atmel/Studio/7.0/Packs/atmel/ATmega_DFP/1.7.374/gcc/dev/atmega32/avr5\libatmega32.a(eerd_block.o)
 .bss           0x00000000        0x0 C:/Program Files (x86)/Atmel/Studio/7.0/Packs/atmel/ATmega_DFP/1.7.374/gcc/dev/atmega32/avr5\libatmega32.a(eerd_block.o)
 .text          0x00000000        0x0 C:/Program Files (x86)/Atmel/Studio/7.0/Packs/atmel/ATmega_DFP/1.7.374/gcc/dev/atmega32/avr5\libatmega32.a(eerd_byte.o)
 .data          0x00000000        0x0 C:/Program Files (x86)/Atmel/Studio/7.0/Packs/atmel/ATmega_DFP/1.7.374/gcc/dev/atmega32/avr5\libatmega32.a(eerd_byte.o)
 .bss           0x00000000        0x0 C:/Program Files (x86)/Atmel/Studio/7.0/Packs/atmel/ATmega_DFP/1.7.374/gcc/dev/atmega32/avr5\libatmega32.a(eerd_byte.o)
 .text          0x00000000        0x0 C:/Program Files (x86)/Atmel/Studio/7.0/Packs/atmel/ATmega_DFP/1.7.374/gcc/dev/atmega32/avr5\libatmega32.a(eerd_word.o)
 .data          0x00000000        0x0 C:/Program Files (x86)/Atmel/Studio/7.0/Packs/atmel/ATmega_DFP/1.7.374/gcc/dev/atmega32/avr5\libatmega32.a(eerd_word.o)
 .bss           0x00000000        0x0 C:/Program Files (x86)/Atmel/Studio/7.0/Packs/atmel/ATmega_DFP/1.7.374/gcc/dev/atmega32/avr5\libatmega32.a(eerd_word.o)
 .text          0x00000000        0x0 C:/Program Files (x86)/Atmel/Studio/7.0/Packs/atmel/ATmega_DFP/1.7.374/gcc/dev/atmega32/avr5\libatmega32.a(eewr_block.o)
 .data          0x00000000        0x0 C:/Program Files (x86)/Atmel/Studio/7.0/Packs/atmel/ATmega_DFP/1.7.374/gcc/dev/atmega32/avr5\libatmega32.a(eewr_block.o)
 .bss           0x00000000        0x0 C:/Program Files (x86)/Atmel/Studio/7.0/Packs/atmel/ATmega_DFP/1.7.374/gcc/dev/atmega32/avr5\libatmega32.a(eewr_block.o)
 .text          0x00000000        0x0 C:/Program Files (x86)/Atmel/Studio/7.0/Packs/atmel/ATmega_DFP/1.7.374/gcc/dev/atmega32/avr5\libatmega32.a(eewr_byte.o)
 .data          0x00000000        0x0 C:/Program Files (x86)/Atmel/Studio/7.0/Packs/atmel/ATmega_DFP/1.7.374/gcc/dev/atmega32/avr5\libatmega32.a(eewr_byte.o)
 .bss           0x00000000        0x0 C:/Program Files (x86)/Atmel/Studio/7.0/Packs/atmel/ATmega_DFP/1.7.374/gcc/dev/atmega32/avr5\libatmega32.a(eewr_byte.o)

Memory Configuration

Name             Origin             Length             Attributes
text             0x00000000         0x00008000         xr
data             0x00800060         0x00000800         rw !x
eeprom           0x00810000         0x00000400         rw !x
fuse             0x00820000         0x00000002         rw !x
lock             0x00830000         0x00000400         rw !x
signature        0x00840000         0x00000400         rw !x
user_signatures  0x00850000         0x00000400         rw !x
*default*        0x00000000         0xffffffff

Linker script and memory map

LOAD C:/Program Files (x86)/Atmel/Studio/7.0/Packs/atmel/ATmega_DFP/1.7.374/gcc/dev/atmega32/avr5/crtatmega32.o
LOAD APP/main.o
LOAD HCAL/KEYPAD/KEYPAD_Interface.o
LOAD HCAL/LCD/LCD_Interface.o
LOAD HCAL/LED 0/LED0_Interface.o
LOAD MCAL/ADC/ADC_Interface.o
LOAD MCAL/DIO/DIO_Interface.o
LOAD MCAL/SPI/SPI_Interface.o
LOAD MCAL/UART/UART_Interface.o
START GROUP
LOAD c:/program files (x86)/atmel/studio/7.0/toolchain/avr8/avr8-gnu-toolchain/bin/../lib/gcc/avr/5.4.0/../../../../avr/lib/avr5\libm.a
END GROUP
START GROUP
LOAD c:/program files (x86)/atmel/studio/7.0/toolchain/avr8/avr8-gnu-toolchain/bin/../lib/gcc/avr/5.4.0/avr5\libgcc.a
LOAD c:/program files (x86)/atmel/studio/7.0/toolchain/avr8/avr8-gnu-toolchain/bin/../lib/gcc/avr/5.4.0/../../../../avr/lib/avr5\libm.a
LOAD c:/program files (x86)/atmel/studio/7.0/toolchain/avr8/avr8-gnu-toolchain/bin/../lib/gcc/avr/5.4.0/../../../../avr/lib/avr5\libc.a
LOAD C:/Program Files (x86)/Atmel/Studio/7.0/Packs/atmel/ATmega_DFP/1.7.374/gcc/dev/atmega32/avr5\libatmega32.a
END GROUP
                0x00000000                __TEXT_REGION_ORIGIN__ = DEFINED (__TEXT_REGION_ORIGIN__)?__TEXT_REGION_ORIGIN__:0x0
                [0x00800060]                __DATA_REGION_ORIGIN__ = DEFINED (__DATA_REGION_ORIGIN__)?__DATA_REGION_ORIGIN__:0x800060
                [0x00008000]                __TEXT_REGION_LENGTH__ = DEFINED (__TEXT_REGION_LENGTH__)?__TEXT_REGION_LENGTH__:0x20000
                [0x00000800]                __DATA_REGION_LENGTH__ = DEFINED (__DATA_REGION_LENGTH__)?__DATA_REGION_LENGTH__:0xffa0
                [0x00000400]                __EEPROM_REGION_LENGTH__ = DEFINED (__EEPROM_REGION_LENGTH__)?__EEPROM_REGION_LENGTH__:0x10000
                [0x00000002]                __FUSE_REGION_LENGTH__ = DEFINED (__FUSE_REGION_LENGTH__)?__FUSE_REGION_LENGTH__:0x400
                0x00000400                __LOCK_REGION_LENGTH__ = DEFINED (__LOCK_REGION_LENGTH__)?__LOCK_REGION_LENGTH__:0x400
                0x00000400                __SIGNATURE_REGION_LENGTH__ = DEFINED (__SIGNATURE_REGION_LENGTH__)?__SIGNATURE_REGION_LENGTH__:0x400
                0x00000400                __USER_SIGNATURE_REGION_LENGTH__ = DEFINED (__USER_SIGNATURE_REGION_LENGTH__)?__USER_SIGNATURE_REGION_LENGTH__:0x400

.hash
 *(.hash)

.dynsym
 *(.dynsym)

.dynstr
 *(.dynstr)

.gnu.version
 *(.gnu.version)

.gnu.version_d
 *(.gnu.version_d)

.gnu.version_r
 *(.gnu.version_r)

.rel.init
 *(.rel.init)

.rela.init
 *(.rela.init)

.rel.text
 *(.rel.text)
 *(.rel.text.*)
 *(.rel.gnu.linkonce.t*)

.rela.text
 *(.rela.text)
 *(.rela.text.*)
 *(.rela.gnu.linkonce.t*)

.rel.fini
 *(.rel.fini)

.rela.fini
 *(.rela.fini)

.rel.rodata
 *(.rel.rodata)
 *(.rel.rodata.*)
 *(.rel.gnu.linkonce.r*)

.rela.rodata
 *(.rela.rodata)
 *(.rela.rodata.*)
 *(.rela.gnu.linkonce.r*)

.rel.data
 *(.rel.data)
 *(.rel.data.*)
 *(.rel.gnu.linkonce.d*)

.rela.data
 *(.rela.data)
 *(.rela.data.*)
 *(.rela.gnu.linkonce.d*)

.rel.ctors
 *(.rel.ctors)

.rela.ctors
 *(.rela.ctors)

.rel.dtors
 *(.rel.dtors)

.rela.dtors
 *(.rela.dtors)

.rel.got
 *(.rel.got)

.rela.got
 *(.rela.got)

.rel.bss
 *(.rel.bss)

.rela.bss
 *(.rela.bss)

.rel.plt
 *(.rel.plt)

.rela.plt
 *(.rela.plt)

.text           0x00000000     0x1656
 *(.vectors)
 .vectors       0x00000000       0x54 C:/Program Files (x86)/Atmel/Studio/7.0/Packs/atmel/ATmega_DFP/1.7.374/gcc/dev/atmega32/avr5/crtatmega32.o
                0x00000000                __vector_default
                0x00000000                __vectors
 *(.vectors)
 *(.progmem.gcc*)
 .progmem.gcc_sw_table.Str_toint
                0x00000054       0x14 APP/main.o
                0x00000068                . = ALIGN (0x2)
                0x00000068                __trampolines_start = .
 *(.trampolines)
 .trampolines   0x00000068        0x0 linker stubs
 *(.trampolines*)
                0x00000068                __trampolines_end = .
 *libprintf_flt.a:*(.progmem.data)
 *libc.a:*(.progmem.data)
 *(.progmem*)
                0x00000068                . = ALIGN (0x2)
 *(.jumptables)
 *(.jumptables*)
 *(.lowtext)
 *(.lowtext*)
                0x00000068                __ctors_start = .
 *(.ctors)
                0x00000068                __ctors_end = .
                0x00000068                __dtors_start = .
 *(.dtors)
                0x00000068                __dtors_end = .
 SORT(*)(.ctors)
 SORT(*)(.dtors)
 *(.init0)
 .init0         0x00000068        0x0 C:/Program Files (x86)/Atmel/Studio/7.0/Packs/atmel/ATmega_DFP/1.7.374/gcc/dev/atmega32/avr5/crtatmega32.o
                0x00000068                __init
 *(.init0)
 *(.init1)
 *(.init1)
 *(.init2)
 .init2         0x00000068        0xc C:/Program Files (x86)/Atmel/Studio/7.0/Packs/atmel/ATmega_DFP/1.7.374/gcc/dev/atmega32/avr5/crtatmega32.o
 *(.init2)
 *(.init3)
 *(.init3)
 *(.init4)
 .init4         0x00000074       0x16 c:/program files (x86)/atmel/studio/7.0/toolchain/avr8/avr8-gnu-toolchain/bin/../lib/gcc/avr/5.4.0/avr5\libgcc.a(_copy_data.o)
                0x00000074                __do_copy_data
 .init4         0x0000008a       0x10 c:/program files (x86)/atmel/studio/7.0/toolchain/avr8/avr8-gnu-toolchain/bin/../lib/gcc/avr/5.4.0/avr5\libgcc.a(_clear_bss.o)
                0x0000008a                __do_clear_bss
 *(.init4)
 *(.init5)
 *(.init5)
 *(.init6)
 *(.init6)
 *(.init7)
 *(.init7)
 *(.init8)
 *(.init8)
 *(.init9)
 .init9         0x0000009a        0x8 C:/Program Files (x86)/Atmel/Studio/7.0/Packs/atmel/ATmega_DFP/1.7.374/gcc/dev/atmega32/avr5/crtatmega32.o
 *(.init9)
 *(.text)
 .text          0x000000a2        0x4 C:/Program Files (x86)/Atmel/Studio/7.0/Packs/atmel/ATmega_DFP/1.7.374/gcc/dev/atmega32/avr5/crtatmega32.o
                0x000000a2                __vector_1
                0x000000a2                __vector_12
                0x000000a2                __bad_interrupt
                0x000000a2                __vector_6
                0x000000a2                __vector_3
                0x000000a2                __vector_11
                0x000000a2                __vector_13
                0x000000a2                __vector_17
                0x000000a2                __vector_19
                0x000000a2                __vector_7
                0x000000a2                __vector_5
                0x000000a2                __vector_4
                0x000000a2                __vector_9
                0x000000a2                __vector_2
                0x000000a2                __vector_15
                0x000000a2                __vector_8
                0x000000a2                __vector_14
                0x000000a2                __vector_10
                0x000000a2                __vector_16
                0x000000a2                __vector_18
                0x000000a2                __vector_20
                0x000000a6                . = ALIGN (0x2)
 *(.text.*)
 .text.Str_toint
                0x000000a6       0x52 APP/main.o
                0x000000a6                Str_toint
 .text.ui8ComparePass
                0x000000f8       0x2c APP/main.o
                0x000000f8                ui8ComparePass
 .text.main     0x00000124      0xdaa APP/main.o
                0x00000124                main
 .text.KEYPAD_Initialize
                0x00000ece       0x9a HCAL/KEYPAD/KEYPAD_Interface.o
                0x00000ece                KEYPAD_Initialize
 .text.KEYPAD_Read
                0x00000f68       0x78 HCAL/KEYPAD/KEYPAD_Interface.o
                0x00000f68                KEYPAD_Read
 .text.LCD_Write_Command
                0x00000fe0       0x9a HCAL/LCD/LCD_Interface.o
                0x00000fe0                LCD_Write_Command
 .text.LCD_Initialize
                0x0000107a       0x84 HCAL/LCD/LCD_Interface.o
                0x0000107a                LCD_Initialize
 .text.LCD_Clear
                0x000010fe        0x8 HCAL/LCD/LCD_Interface.o
                0x000010fe                LCD_Clear
 .text.LCD_Write_Character
                0x00001106       0x9a HCAL/LCD/LCD_Interface.o
                0x00001106                LCD_Write_Character
 .text.LCD_Write_String
                0x000011a0       0x26 HCAL/LCD/LCD_Interface.o
                0x000011a0                LCD_Write_String
 .text.LCD_Write_Number
                0x000011c6       0x3c HCAL/LCD/LCD_Interface.o
                0x000011c6                LCD_Write_Number
 .text.LCD_String_xy
                0x00001202       0x38 HCAL/LCD/LCD_Interface.o
                0x00001202                LCD_String_xy
 .text.DIO_SetPin_Direction
                0x0000123a       0xe2 MCAL/DIO/DIO_Interface.o
                0x0000123a                DIO_SetPin_Direction
 .text.DIO_SetPin_Value
                0x0000131c       0xe0 MCAL/DIO/DIO_Interface.o
                0x0000131c                DIO_SetPin_Value
 .text.DIO_GetPin_Value
                0x000013fc       0x5c MCAL/DIO/DIO_Interface.o
                0x000013fc                DIO_GetPin_Value
 .text.DIO_SetPin_PullUp
                0x00001458       0x68 MCAL/DIO/DIO_Interface.o
                0x00001458                DIO_SetPin_PullUp
 .text.SPI_Master_Initialize
                0x000014c0       0x1e MCAL/SPI/SPI_Interface.o
                0x000014c0                SPI_Master_Initialize
 .text.SPI_TranCeive
                0x000014de        0xa MCAL/SPI/SPI_Interface.o
                0x000014de                SPI_TranCeive
 .text.UART_Initialize
                0x000014e8       0x20 MCAL/UART/UART_Interface.o
                0x000014e8                UART_Initialize
 .text.UART_Transmit
                0x00001508        0x8 MCAL/UART/UART_Interface.o
                0x00001508                UART_Transmit
 .text.UART_Received
                0x00001510        0x8 MCAL/UART/UART_Interface.o
                0x00001510                UART_Received
 .text.USART_SendString
                0x00001518       0x2c MCAL/UART/UART_Interface.o
                0x00001518                USART_SendString
 .text.libgcc   0x00001544        0xc c:/program files (x86)/atmel/studio/7.0/toolchain/avr8/avr8-gnu-toolchain/bin/../lib/gcc/avr/5.4.0/avr5\libgcc.a(_tablejump2.o)
                0x00001544                __tablejump2__
 .text.avr-libc
                0x00001550       0x16 c:/program files (x86)/atmel/studio/7.0/toolchain/avr8/avr8-gnu-toolchain/bin/../lib/gcc/avr/5.4.0/../../../../avr/lib/avr5\libc.a(ltoa.o)
                0x00001550                ltoa
                0x00001550                __ltoa
 .text.avr-libc
                0x00001566       0x1e c:/program files (x86)/atmel/studio/7.0/toolchain/avr8/avr8-gnu-toolchain/bin/../lib/gcc/avr/5.4.0/../../../../avr/lib/avr5\libc.a(ltoa_ncheck.o)
                0x00001566                __ltoa_ncheck
 .text.avr-libc
                0x00001584       0x44 c:/program files (x86)/atmel/studio/7.0/toolchain/avr8/avr8-gnu-toolchain/bin/../lib/gcc/avr/5.4.0/../../../../avr/lib/avr5\libc.a(ultoa_ncheck.o)
                0x00001584                __ultoa_ncheck
                0x00001586                __ultoa_common
 .text.avr-libc
                0x000015c8       0x20 c:/program files (x86)/atmel/studio/7.0/toolchain/avr8/avr8-gnu-toolchain/bin/../lib/gcc/avr/5.4.0/../../../../avr/lib/avr5\libc.a(strrev.o)
                0x000015c8                strrev
 .text.avr-libc
                0x000015e8       0x20 C:/Program Files (x86)/Atmel/Studio/7.0/Packs/atmel/ATmega_DFP/1.7.374/gcc/dev/atmega32/avr5\libatmega32.a(eerd_block.o)
                0x000015e8                eeprom_read_block
                0x000015ec                eeprom_read_blraw
 .text.avr-libc
                0x00001608       0x10 C:/Program Files (x86)/Atmel/Studio/7.0/Packs/atmel/ATmega_DFP/1.7.374/gcc/dev/atmega32/avr5\libatmega32.a(eerd_byte.o)
                0x00001608                eeprom_read_byte
 .text.avr-libc
                0x00001618        0xc C:/Program Files (x86)/Atmel/Studio/7.0/Packs/atmel/ATmega_DFP/1.7.374/gcc/dev/atmega32/avr5\libatmega32.a(eerd_word.o)
                0x00001618                eeprom_read_word
 .text.avr-libc
                0x00001624       0x14 C:/Program Files (x86)/Atmel/Studio/7.0/Packs/atmel/ATmega_DFP/1.7.374/gcc/dev/atmega32/avr5\libatmega32.a(eewr_block.o)
                0x00001624                eeprom_write_block
 .text.avr-libc
                0x00001638       0x1a C:/Program Files (x86)/Atmel/Studio/7.0/Packs/atmel/ATmega_DFP/1.7.374/gcc/dev/atmega32/avr5\libatmega32.a(eewr_byte.o)
                0x00001638                eeprom_write_byte
                0x0000163a                eeprom_write_r18
                0x00001652                . = ALIGN (0x2)
 *(.fini9)
 .fini9         0x00001652        0x0 c:/program files (x86)/atmel/studio/7.0/toolchain/avr8/avr8-gnu-toolchain/bin/../lib/gcc/avr/5.4.0/avr5\libgcc.a(_exit.o)
                0x00001652                _exit
                0x00001652                exit
 *(.fini9)
 *(.fini8)
 *(.fini8)
 *(.fini7)
 *(.fini7)
 *(.fini6)
 *(.fini6)
 *(.fini5)
 *(.fini5)
 *(.fini4)
 *(.fini4)
 *(.fini3)
 *(.fini3)
 *(.fini2)
 *(.fini2)
 *(.fini1)
 *(.fini1)
 *(.fini0)
 .fini0         0x00001652        0x4 c:/program files (x86)/atmel/studio/7.0/toolchain/avr8/avr8-gnu-toolchain/bin/../lib/gcc/avr/5.4.0/avr5\libgcc.a(_exit.o)
 *(.fini0)
                0x00001656                _etext = .

.data           0x00800060      0x246 load address 0x00001656
                0x00800060                PROVIDE (__data_start, .)
 *(.data)
 *(.data*)
 *(.gnu.linkonce.d*)
 *(.rodata)
 *(.rodata*)
 .rodata.str1.1
                0x00800060      0x236 APP/main.o
 .rodata.keypad
                0x00800296       0x10 HCAL/KEYPAD/KEYPAD_Interface.o
                0x00800296                keypad
 *(.gnu.linkonce.r*)
                0x008002a6                . = ALIGN (0x2)
                0x008002a6                _edata = .
                0x008002a6                PROVIDE (__data_end, .)

.bss            0x008002a6        0x0
                0x008002a6                PROVIDE (__bss_start, .)
 *(.bss)
 *(.bss*)
 *(COMMON)
                0x008002a6                PROVIDE (__bss_end, .)
                0x00001656                __data_load_start = LOADADDR (.data)
                0x0000189c                __data_load_end = (__data_load_start + SIZEOF (.data))

.noinit         0x008002a6        0x0
                [!provide]                PROVIDE (__noinit_start, .)
 *(.noinit*)
                [!provide]                PROVIDE (__noinit_end, .)
                0x008002a6                _end = .
                [!provide]                PROVIDE (__heap_start, .)

.eeprom         0x00810000        0x0
 *(.eeprom*)
                0x00810000                __eeprom_end = .

.fuse
 *(.fuse)
 *(.lfuse)
 *(.hfuse)
 *(.efuse)

.lock
 *(.lock*)

.signature
 *(.signature*)

.user_signatures
 *(.user_signatures*)

.stab
 *(.stab)

.stabstr
 *(.stabstr)

.stab.excl
 *(.stab.excl)

.stab.exclstr
 *(.stab.exclstr)

.stab.index
 *(.stab.index)

.stab.indexstr
 *(.stab.indexstr)

.comment        0x00000000       0x30
 *(.comment)
 .comment       0x00000000       0x30 APP/main.o
                                 0x31 (size before relaxing)
 .comment       0x00000030       0x31 HCAL/KEYPAD/KEYPAD_Interface.o
 .comment       0x00000030       0x31 HCAL/LCD/LCD_Interface.o
 .comment       0x00000030       0x31 MCAL/DIO/DIO_Interface.o
 .comment       0x00000030       0x31 MCAL/SPI/SPI_Interface.o
 .comment       0x00000030       0x31 MCAL/UART/UART_Interface.o

.note.gnu.avr.deviceinfo
                0x00000000       0x3c
 .note.gnu.avr.deviceinfo
                0x00000000       0x3c C:/Program Files (x86)/Atmel/Studio/7.0/Packs/atmel/ATmega_DFP/1.7.374/gcc/dev/atmega32/avr5/crtatmega32.o

.note.gnu.build-id
 *(.note.gnu.build-id)

.debug
 *(.debug)

.line
 *(.line)

.debug_srcinfo
 *(.debug_srcinfo)

.debug_sfnames
 *(.debug_sfnames)

.debug_aranges  0x00000000      0x228
 *(.debug_aranges)
 .debug_aranges
                0x00000000       0x38 APP/main.o
 .debug_aranges
                0x00000038       0x28 HCAL/KEYPAD/KEYPAD_Interface.o
 .debug_aranges
                0x00000060       0x58 HCAL/LCD/LCD_Interface.o
 .debug_aranges
                0x000000b8       0x50 MCAL/DIO/DIO_Interface.o
 .debug_aranges
                0x00000108       0x48 MCAL/SPI/SPI_Interface.o
 .debug_aranges
                0x00000150       0x38 MCAL/UART/UART_Interface.o
 .debug_aranges
                0x00000188       0x20 C:/Program Files (x86)/Atmel/Studio/7.0/Packs/atmel/ATmega_DFP/1.7.374/gcc/dev/atmega32/avr5\libatmega32.a(eerd_block.o)
 .debug_aranges
                0x000001a8       0x20 C:/Program Files (x86)/Atmel/Studio/7.0/Packs/atmel/ATmega_DFP/1.7.374/gcc/dev/atmega32/avr5\libatmega32.a(eerd_byte.o)
 .debug_aranges
                0x000001c8       0x20 C:/Program Files (x86)/Atmel/Studio/7.0/Packs/atmel/ATmega_DFP/1.7.374/gcc/dev/atmega32/avr5\libatmega32.a(eerd_word.o)
 .debug_aranges
                0x000001e8       0x20 C:/Program Files (x86)/Atmel/Studio/7.0/Packs/atmel/ATmega_DFP/1.7.374/gcc/dev/atmega32/avr5\libatmega32.a(eewr_block.o)
 .debug_aranges
                0x00000208       0x20 C:/Program Files (x86)/Atmel/Studio/7.0/Packs/atmel/ATmega_DFP/1.7.374/gcc/dev/atmega32/avr5\libatmega32.a(eewr_byte.o)

.debug_pubnames
 *(.debug_pubnames)

.debug_info     0x00000000     0x41a2
 *(.debug_info .gnu.linkonce.wi.*)
 .debug_info    0x00000000      0x4e6 C:/Program Files (x86)/Atmel/Studio/7.0/Packs/atmel/ATmega_DFP/1.7.374/gcc/dev/atmega32/avr5/crtatmega32.o
 .debug_info    0x000004e6     0x2578 APP/main.o
 .debug_info    0x00002a5e      0x49f HCAL/KEYPAD/KEYPAD_Interface.o
 .debug_info    0x00002efd      0x939 HCAL/LCD/LCD_Interface.o
 .debug_info    0x00003836      0x2fc MCAL/DIO/DIO_Interface.o
 .debug_info    0x00003b32      0x14b MCAL/SPI/SPI_Interface.o
 .debug_info    0x00003c7d      0x22b MCAL/UART/UART_Interface.o
 .debug_info    0x00003ea8       0x99 C:/Program Files (x86)/Atmel/Studio/7.0/Packs/atmel/ATmega_DFP/1.7.374/gcc/dev/atmega32/avr5\libatmega32.a(eerd_block.o)
 .debug_info    0x00003f41       0x98 C:/Program Files (x86)/Atmel/Studio/7.0/Packs/atmel/ATmega_DFP/1.7.374/gcc/dev/atmega32/avr5\libatmega32.a(eerd_byte.o)
 .debug_info    0x00003fd9       0x98 C:/Program Files (x86)/Atmel/Studio/7.0/Packs/atmel/ATmega_DFP/1.7.374/gcc/dev/atmega32/avr5\libatmega32.a(eerd_word.o)
 .debug_info    0x00004071       0x99 C:/Program Files (x86)/Atmel/Studio/7.0/Packs/atmel/ATmega_DFP/1.7.374/gcc/dev/atmega32/avr5\libatmega32.a(eewr_block.o)
 .debug_info    0x0000410a       0x98 C:/Program Files (x86)/Atmel/Studio/7.0/Packs/atmel/ATmega_DFP/1.7.374/gcc/dev/atmega32/avr5\libatmega32.a(eewr_byte.o)

.debug_abbrev   0x00000000      0xd11
 *(.debug_abbrev)
 .debug_abbrev  0x00000000      0x4a3 C:/Program Files (x86)/Atmel/Studio/7.0/Packs/atmel/ATmega_DFP/1.7.374/gcc/dev/atmega32/avr5/crtatmega32.o
 .debug_abbrev  0x000004a3      0x247 APP/main.o
 .debug_abbrev  0x000006ea      0x16d HCAL/KEYPAD/KEYPAD_Interface.o
 .debug_abbrev  0x00000857      0x19d HCAL/LCD/LCD_Interface.o
 .debug_abbrev  0x000009f4       0xdb MCAL/DIO/DIO_Interface.o
 .debug_abbrev  0x00000acf       0xd7 MCAL/SPI/SPI_Interface.o
 .debug_abbrev  0x00000ba6      0x107 MCAL/UART/UART_Interface.o
 .debug_abbrev  0x00000cad       0x14 C:/Program Files (x86)/Atmel/Studio/7.0/Packs/atmel/ATmega_DFP/1.7.374/gcc/dev/atmega32/avr5\libatmega32.a(eerd_block.o)
 .debug_abbrev  0x00000cc1       0x14 C:/Program Files (x86)/Atmel/Studio/7.0/Packs/atmel/ATmega_DFP/1.7.374/gcc/dev/atmega32/avr5\libatmega32.a(eerd_byte.o)
 .debug_abbrev  0x00000cd5       0x14 C:/Program Files (x86)/Atmel/Studio/7.0/Packs/atmel/ATmega_DFP/1.7.374/gcc/dev/atmega32/avr5\libatmega32.a(eerd_word.o)
 .debug_abbrev  0x00000ce9       0x14 C:/Program Files (x86)/Atmel/Studio/7.0/Packs/atmel/ATmega_DFP/1.7.374/gcc/dev/atmega32/avr5\libatmega32.a(eewr_block.o)
 .debug_abbrev  0x00000cfd       0x14 C:/Program Files (x86)/Atmel/Studio/7.0/Packs/atmel/ATmega_DFP/1.7.374/gcc/dev/atmega32/avr5\libatmega32.a(eewr_byte.o)

.debug_line     0x00000000     0x1d45
 *(.debug_line .debug_line.* .debug_line_end)
 .debug_line    0x00000000      0x116 C:/Program Files (x86)/Atmel/Studio/7.0/Packs/atmel/ATmega_DFP/1.7.374/gcc/dev/atmega32/avr5/crtatmega32.o
 .debug_line    0x00000116      0xcef APP/main.o
 .debug_line    0x00000e05      0x245 HCAL/KEYPAD/KEYPAD_Interface.o
 .debug_line    0x0000104a      0x3aa HCAL/LCD/LCD_Interface.o
 .debug_line    0x000013f4      0x368 MCAL/DIO/DIO_Interface.o
 .debug_line    0x0000175c      0x1da MCAL/SPI/SPI_Interface.o
 .debug_line    0x00001936      0x16b MCAL/UART/UART_Interface.o
 .debug_line    0x00001aa1       0xab C:/Program Files (x86)/Atmel/Studio/7.0/Packs/atmel/ATmega_DFP/1.7.374/gcc/dev/atmega32/avr5\libatmega32.a(eerd_block.o)
 .debug_line    0x00001b4c       0x7a C:/Program Files (x86)/Atmel/Studio/7.0/Packs/atmel/ATmega_DFP/1.7.374/gcc/dev/atmega32/avr5\libatmega32.a(eerd_byte.o)
 .debug_line    0x00001bc6       0x67 C:/Program Files (x86)/Atmel/Studio/7.0/Packs/atmel/ATmega_DFP/1.7.374/gcc/dev/atmega32/avr5\libatmega32.a(eerd_word.o)
 .debug_line    0x00001c2d       0x80 C:/Program Files (x86)/Atmel/Studio/7.0/Packs/atmel/ATmega_DFP/1.7.374/gcc/dev/atmega32/avr5\libatmega32.a(eewr_block.o)
 .debug_line    0x00001cad       0x98 C:/Program Files (x86)/Atmel/Studio/7.0/Packs/atmel/ATmega_DFP/1.7.374/gcc/dev/atmega32/avr5\libatmega32.a(eewr_byte.o)

.debug_frame    0x00000000      0x2e4
 *(.debug_frame)
 .debug_frame   0x00000000       0x64 APP/main.o
 .debug_frame   0x00000064       0x44 HCAL/KEYPAD/KEYPAD_Interface.o
 .debug_frame   0x000000a8       0xdc HCAL/LCD/LCD_Interface.o
 .debug_frame   0x00000184       0x84 MCAL/DIO/DIO_Interface.o
 .debug_frame   0x00000208       0x74 MCAL/SPI/SPI_Interface.o
 .debug_frame   0x0000027c       0x68 MCAL/UART/UART_Interface.o

.debug_str      0x00000000      0x8c8
 *(.debug_str)
 .debug_str     0x00000000      0x196 C:/Program Files (x86)/Atmel/Studio/7.0/Packs/atmel/ATmega_DFP/1.7.374/gcc/dev/atmega32/avr5/crtatmega32.o
 .debug_str     0x00000196      0x469 APP/main.o
                                0x4b6 (size before relaxing)
 .debug_str     0x000005ff      0x118 HCAL/KEYPAD/KEYPAD_Interface.o
                                0x312 (size before relaxing)
 .debug_str     0x00000717       0x57 HCAL/LCD/LCD_Interface.o
                                0x356 (size before relaxing)
 .debug_str     0x0000076e       0x83 MCAL/DIO/DIO_Interface.o
                                0x30b (size before relaxing)
 .debug_str     0x000007f1       0x6d MCAL/SPI/SPI_Interface.o
                                0x225 (size before relaxing)
 .debug_str     0x0000085e       0x6a MCAL/UART/UART_Interface.o
                                0x2ab (size before relaxing)

.debug_loc      0x00000000     0x2045
 *(.debug_loc)
 .debug_loc     0x00000000     0x13a1 APP/main.o
 .debug_loc     0x000013a1      0x122 HCAL/KEYPAD/KEYPAD_Interface.o
 .debug_loc     0x000014c3      0x615 HCAL/LCD/LCD_Interface.o
 .debug_loc     0x00001ad8      0x3e4 MCAL/DIO/DIO_Interface.o
 .debug_loc     0x00001ebc       0xa4 MCAL/SPI/SPI_Interface.o
 .debug_loc     0x00001f60       0xe5 MCAL/UART/UART_Interface.o

.debug_macinfo
 *(.debug_macinfo)

.debug_weaknames
 *(.debug_weaknames)

.debug_funcnames
 *(.debug_funcnames)

.debug_typenames
 *(.debug_typenames)

.debug_varnames
 *(.debug_varnames)

.debug_pubtypes
 *(.debug_pubtypes)

.debug_ranges   0x00000000      0x140
 *(.debug_ranges)
 .debug_ranges  0x00000000       0x40 APP/main.o
 .debug_ranges  0x00000040       0x18 HCAL/KEYPAD/KEYPAD_Interface.o
 .debug_ranges  0x00000058       0x48 HCAL/LCD/LCD_Interface.o
 .debug_ranges  0x000000a0       0x40 MCAL/DIO/DIO_Interface.o
 .debug_ranges  0x000000e0       0x38 MCAL/SPI/SPI_Interface.o
 .debug_ranges  0x00000118       0x28 MCAL/UART/UART_Interface.o

.debug_macro
 *(.debug_macro)
OUTPUT(Master.elf elf32-avr)
LOAD linker stubs
